// Jest Snapshot v1, https://goo.gl/fbAQLP

exports[`TypeaheadInput renders self and subcomponents 1`] = `
<input
  onBlur={[Function]}
  onChange={[Function]}
  onKeyDown={[Function]}
  onKeyUp={[Function]}
  type="text"
  value="hi"
/>
`;
