// Jest Snapshot v1, https://goo.gl/fbAQLP

exports[`Typeahead renders self and subcomponents 1`] = `<pure-typeahead />`;

exports[`Typeahead renders the children 1`] = `
<Typeahead
  onDismiss={[Function]}
>
  <pure-typeahead>
    hi
    <TypeaheadInput
      arrowKeyPressed={[Function]}
      enterKeyPressed={[Function]}
      escapeKeyPressed={[Function]}
      key=".1"
      onBlur={[Function]}
      onChange={[Function]}
      onFocus={[Function]}
      onKeyDown={[Function]}
      onKeyUp={[Function]}
      value="hello"
    >
      <input
        onBlur={[Function]}
        onChange={[Function]}
        onFocus={[Function]}
        onKeyDown={[Function]}
        onKeyUp={[Function]}
        type="text"
        value="hello"
      />
    </TypeaheadInput>
    <TypeaheadResultsList
      highlightedIndex={-1}
      key=".2"
      updateHighlightedIndex={[Function]}
    >
      <typeahead-results-list>
        RESULTS
      </typeahead-results-list>
    </TypeaheadResultsList>
  </pure-typeahead>
</Typeahead>
`;
